[  0.000] nitialzi croupubys cpuset
[    0.000000] Itilinggroup bss cp
   0.000] Initializing cgroup subsys cpuacct
[    0.000000] Linux version 4.4.-116-genec (buildd@lgw01-a64-0) (gcc version 5.4.0 20160609 (buntu 5.4.0-6ubuntu1~16.04.9) ) #140-Ubuntu SMP Mon Feb 12 21:23:04 UTC 2018 (Ubuntu 44.0-11.10-generic 4.4.98)
[    0.000000] Command line: BOOTIMAGE=/boot/vmlinuz-4.4.0-116-eneric root=UUID=b6adc449-5e3d-4331-ba6b-6e99a75fa48e ro console=tty1onolttS0[   0.000000] KERNEL supported cpus:
[  0.00000]  tel enuineIntel
[    0.000000]   AMD AuthenticAMD
[    0.000000]   Centaur CentaurHauls
[    0.000000] x86/fpu: xstate_offset2]:  576,state_sizes[2]:  256
[    0.000000] x86/fpu:Supporting XSAVE feature 0x01: 'x87 floating point registers'
[    .0000] x86/fpu: Supporting XSAVE feature 0x02: 'SSE registers'
[    0.000000] x86/fpu: Supporting XSAVE feature 0x04: 'AVXreisers'
[    0.00000] x86/fpu: Enabled xstate eatures 0x7, context size is 32 bytes, using 'standard' format.
[    0.000000] x86/fpu: Using 'lazy' FPU context switches.
[    .000000] e820: BIOS-provided hyicl RAM map:
[   0.00000] BIOS-e20:[memx0000000000000000-0x00000000000bf] uabe
[  0.00000] BIS-20: [mem 0x000000000009fc00-0x000000000009ffff] reserved
[    0.000000] BIOS-e820: [mem 0x00000000000f0000-0x00000000000fffff] reserve
    0.000000] BIOS-e820: [em0x000000000100000x000000003ffff] usable
[   0.0000 BS-e820: [mem 0x000000003fff0000-0x000000003fffffff] ACPI data
[    0.00000 BOS-e820: [mem 0x00000000fec00000-0x00000000fec00fff] reserved
[    0.000000] BIOS-e820: [mem 0x00000000ee00000-0x00000000fee00fff] reserved
[    0.000000 BIOS-20 [mem 0x00000000fffc0000-0000000ffffffff] reserved

[   0.000000] NX (Execute Diable) protection: active
[   0.000000] SMBIO 2.5 present.
[    0.000000] Hypervisordetctd:KV
[    0.000000] e80:last_pn 0x3fff m_arch_pfn = 0x4000000
[   000000] MTRR: Disabled
[    0.000000] x86/PAT: MRsdisale, kippin P initialzation oo.
[    0.000000] CPU RRs al ban- virtualed sstem.    0.000000] x86/PAT: Coigratin 0-]: W  T  UC- UC  WB  WT  UC- UC  
[    0.000000] found SMP MP-table t [mem0x009fff0-0x0009ffff] mapped at [ffff88000009fff0]
[    0.000000] Scanning 1 areas for low memory corruption
[   0.00000] RAMIS: [em 0x361c000-0x37105fff]
[    0.0000000]ACPI Erly table checksum verification disabled
[   0.000000] ACPI: RSDP 0x00000000000E0000 000024 (v0VBOX  )
[    0.000000] ACPI: XSDT 0x000000003FFF0030 00003C (v01 VBOX   VBOXXSDT 00000001 ASL  0000006)
[    0.000000] ACPI: FACP 0x000000003FFF00F000004 (v04 VBOX   VBOXFACP 000001 ASL  00000061)
[    0.000000] ACPI: DSDT 0x000000003FFF0470 0021FF (v02 VBOX   VBOIO 00000002 INTL 20100528)
[   .00000] PI: FACS 0x00000003F0200 000040
[    0.000000] ACPI: FACS 0x000000003FFF02000004
  0.000000 API APC 00000003FF240 00005C (v VBOX   VBOXAPIC00000001 ASL 00000061)
[    0000000] ACP: SDT 0x000000003FFF02A0 0001CC (v0VBX   VBOXCPUT 00000002 IL 20100528)
[    0.000000] No NUMA configuration found
[    0.000000] Faking a node at [mem 0x0000000000000000-0x000000003ffeffff]
[    0.000000] NODE_DATA(0) allocatd [mem 0x3ffeb000-0x3ffeffff]
[    0.000000] kvm-clock: Using srs 46401 and 4b564d00
[    0.000000] kvm-clock: cpu 0, msr 0:3ffe3001, primary cpu clock
[    0.000000] kvm-clock: using sched offset of 4148004866 cycles
[    0.000000] clocksource: kvm-clock: mask: 0xffffffffffffffff max_cycles: 0x1cd42e4dffb, max_idle_ns: 881901483 ns
[   .00000] Zneanges:
[   .0000] DMA    [em 0x0000000001000-00000000ffff]
[  0.0000   DA3   [emx00000010000-0x00000003ffeffff]
[    0.000000]   Normal   empty
[    0.000000  evic   empty
[   .0000] Movable zone start forea nod
   0.000000] Eary mory node ranges
[    0.000000]   node   0: [mem 0x0000000000001000-0x000000000009efff]
[    0.0000   node 0 [mem0x00000010000-0x000003efff]
[    0.0000 Initmem setuup od0 [mm 000000000001000-0x000003ffefff
[    0.000000] ACPI: PM-Timer IO Port: 0x40
[   0.0000]IOPIC[0]: api_id 2, versio 32, address 0xfc000, GSI-2
[    0.0000] CPI: INT_SRC_OVR (bs  bs_irq 0 global_irq 2 dfdf)[  0.000000] ACPI: INT_SRC_OVR (s bus_irq global_rq9 w level)
[    0.000000] UsingACPI (MADT) for SMP configuration information
[    000000] smpbt:Alowg  CPU, hotplug CPUs
[    0.000000] PM: Registered nosave memory: [mem 0x00000000-0x00000fff]
[    0.000000] PM: Registed osave memry [mem 0x009f000-0x0009ffff][    0.00000 P Registered nosave emy: [m 0000a00-0x000efff
[  00000] : Regteednosavemery: [m 000f0000-000fff][   0.0000] e820: [mem 0x40000000-0xfbfffff]avlale foPC deves
[    00000 Booinpaavirtliedkeneon KV
   00000] clocoue: rfied-jiffies: mask: 0xfffffff ma_cycles: 0xfffffff mx_idlens764559600211568 ns
[    0.000] stupercpu:NRPU:551nrpumak_ts512 r_u_id:2r_odid1
[    0.000000] PERCPU: Ebeded 34 pags/u fff800c00000s944r8923128 u4876
[  00000]  qpioc hash abe nties: 26 rdr: 0, 4096yt)
[    0.000000] Built 1 zonest in Nodeorer mbilitgrupinon Total pas:25791
[   .000000Poiczone: DMA32
[   0.000000] Kernel command line: BOOT_IMAGE/bot/mlinu-4.4.0-116-geer rot=UUID=b6adc449-5e3d-4331-ba-699a75fa48e ro console=ty cnsole=tyS
[   0.0000 PD ashtable entries: 409 (order: 3, 32768 bytes)
[    0.000000] Memory: 99720K1081K vailae (8530 kerelode, 1309K rwdata, 3992K rodata, 1508K init, 1316K bss, 50860K resve 0K cma-reserved)
[    0.0000] SLUB: HWalign=64, Oder=03,inObjects, Us=2,Nos=
[   00000]erl/User getabessoation: naed
[  00000] erarchical RCU implmeation.
  0.00000] 	Build-time adjustmennt  laf fanout to 64.
[    0.000000] 	RCU restricting CPUs from NR_CPUS=512to nr_cpu_ids=2.
[    0.000000] RCU:Adusting geometry for rcu_fanout_leaf=64, nr_cpu_ids=2
[    0.000000] NNR_IRQS:33024 nr_irs:0 16
[  0.000000] Console: colour VGA+ 80x5
[  0.00000]onole ty] enabld[  000000coole [ttS0] ebld
[  0000000] tsc: Detected 2799.998 MHz processor
[   14.303806] Calibrating delay loop (skipped) preset value.. 5599.99 BogoMIPS (lpj=11199992)
[   14.433844] pid_max: default: 32768 minimum: 301
[   14.486974] ACPI: Core revision 20150930
[   14.489101] ACPI: 2 ACPI AML tables successfully acquired and loaded
[   14.537294] Security Framework initialized
[   14.538633] Yama: becoming mindful.
[   14.546390] AppArmor: AppArmor initialized
[   14.551152] Dentry cache hash table entries: 131072 (order: 8, 1048576 bytes)
[   14.556223] Inode-cache hash table entries: 65536 (order: 7, 524288 bytes)
[   14.573154] Mount-cache hash table entries: 2048 (order: 2, 16384 bytes)
[   14.576522] Mountpoint-cache hash table entries: 2048 (order: 2, 16384 bytes)
[   14.632613] Initializing cgroup subsys io
[   14.663998] Initializing cgroup subsys memory
[   14.691107] Initializing cgroup subsys devices
[   14.713217] Initializing cgroup subsys freezer
[   14.734565] Initializing cgroup subsys net_cls
[   14.743675] Initializing cgroup subsys perf_event
[   14.763092] Initializing cgroup subsys net_prio
[   14.793189] Initializing cgroup subsys hugetlb
[   14.816936] Initializing cgroup subsys pids
[   14.868735] CPU: Physical Processor ID: 0
[   14.871501] CPU: Processor Core ID: 0
[   14.891579] FEATURE SPEC_CTRL Not Present
[   14.893836] mce: CPU supports 0 MCE banks
[   14.901508] Last level iTLB entries: 4KB 1024, 2MB 1024, 4MB 1024
[   14.916949] Last level dTLB entries: 4KB 1024, 2MB 1024, 4MB 1024, 1GB 4
[   14.953702] Spectre V2 mitigation: Mitigation: Full generic retpoline
[   15.032861] Spectre V2 mitigation: Speculation control IBPB not-supported IBRS not-supported
[   15.107442] Freeing SMP alternatives memory: 32K
[   15.183241] ftrace: allocating 32186 entries in 126 pages
[   15.280807] smpboot: APIC(0) Converting physical 0 to logical package 0
[   15.303303] smpboot: Max logical packages: 1
[   15.362609] x2apic enabled
[   15.383053] Switched APIC routing to physical x2apic.
[   15.445184] ..TIMER: vector=0x30 apic1=0 pin1=2 apic2=-1 pin2=-1
[   15.616395] smpboot: CPU0: Intel(R) Core(TM) i5-4308U CPU @ 2.80GHz (family: 0x6, model: 0x45, stepping: 0x1)
[   15.672109] Performance Events: unsupported p6 CPU model 69 no PMU driver, software events only.
[   15.798455] KVM setup paravirtual spinlock
[   15.823387] x86: Booting SMP configuration:
[   15.825953] .... node  #0, CPUs:      #1
[   15.837295] kvm-clock: cpu 1, msr 0:3ffe3041, secondary cpu clock
[   15.875849] mce: CPU supports 0 MCE banks
[   15.893090] x86: Booted up 1 node, 2 CPUs
[   15.913838] smpboot: Total of 2 processors activated (11199.99 BogoMIPS)
[   15.938653] devtmpfs: initialized
[   15.964814] evm: security.selinux
[   15.996866] evm: security.SMACK64
[   16.014664] evm: security.SMACK64EXEC
[   16.027090] evm: security.SMACK64TRANSMUTE
[   16.030077] evm: security.SMACK64MMAP
[   16.071853] evm: security.ima
[   16.085277] evm: security.capability
[   16.091843] clocksource: jiffies: mask: 0xffffffff max_cycles: 0xffffffff, max_idle_ns: 7645041785100000 ns
[   16.099393] futex hash table entries: 512 (order: 3, 32768 bytes)
[   16.153338] pinctrl core: initialized pinctrl subsystem
[   16.182867] RTC time: 19:53:50, date: 03/31/18
[   16.193783] NET: Registered protocol family 16
[   16.225728] cpuidle: using governor ladder
[   16.269153] cpuidle: using governor menu
[   16.284427] PCCT header not found.
[   16.300967] ACPI: bus type PCI registered
[   16.329568] acpiphp: ACPI Hot Plug PCI Controller Driver version: 0.5
[   16.372153] PCI: Using configuration type 1 for base access
[   16.434052] ACPI: Added _OSI(Module Device)
[   16.476867] ACPI: Added _OSI(Processor Device)
[   16.489478] ACPI: Added _OSI(3.0 _SCP Extensions)
[   16.509432] ACPI: Added _OSI(Processor Aggregator Device)
[   16.518260] ACPI: Executed 1 blocks of module-level executable AML code
[   16.549309] ACPI: Interpreter enabled
[   16.561896] ACPI: (supports S0 S5)
[   16.565836] ACPI: Using IOAPIC for interrupt routing
[   16.568872] PCI: Using host bridge windows from ACPI; if necessary, use "pci=nocrs" and report a bug
[   16.590616] ACPI: PCI Root Bridge [PCI0] (domain 0000 [bus 00-ff])
[   16.601397] acpi PNP0A03:00: _OSC: OS supports [ASPM ClockPM Segments MSI]
[   16.609129] acpi PNP0A03:00: _OSC: not requesting OS control; OS requires [ExtendedConfig ASPM ClockPM MSI]
[   16.622193] acpi PNP0A03:00: fail to add MMCONFIG information, can't access extended PCI configuration space under this bridge.
[   16.632192] PCI host bridge to bus 0000:00
[   16.640616] pci_bus 0000:00: root bus resource [io  0x0000-0x0cf7 window]
[   16.662158] pci_bus 0000:00: root bus resource [io  0x0d00-0xffff window]
[   16.673404] pci_bus 0000:00: root bus resource [mem 0x000a0000-0x000bffff window]
[   16.698302] pci_bus 0000:00: root bus resource [mem 0x40000000-0xfdffffff window]
[   16.706867] pci_bus 0000:00: root bus resource [bus 00-ff]
[   16.734704] pci 0000:00:01.1: legacy IDE quirk: reg 0x10: [io  0x01f0-0x01f7]
[   16.743081] pci 0000:00:01.1: legacy IDE quirk: reg 0x14: [io  0x03f6]
[   16.751306] pci 0000:00:01.1: legacy IDE quirk: reg 0x18: [io  0x0170-0x0177]
[   16.782912] pci 0000:00:01.1: legacy IDE quirk: reg 0x1c: [io  0x0376]
[   16.833122] pci 0000:00:07.0: quirk: [io  0x4000-0x403f] claimed by PIIX4 ACPI
[   16.839891] pci 0000:00:07.0: quirk: [io  0x4100-0x410f] claimed by PIIX4 SMB
[   16.860107] ACPI: PCI Interrupt Link [LNKA] (IRQs 5 9 10 *11)
[   16.871398] ACPI: PCI Interrupt Link [LNKB] (IRQs 5 9 *10 11)
[   16.881398] ACPI: PCI Interrupt Link [LNKC] (IRQs 5 *9 10 11)
[   16.898053] ACPI: PCI Interrupt Link [LNKD] (IRQs 5 9 10 *11)
[   16.910362] ACPI: Enabled 2 GPEs in block 00 to 07
[   16.919242] vgaarb: setting as boot device: PCI:0000:00:02.0
[   16.930365] vgaarb: device added: PCI:0000:00:02.0,decodes=io+mem,owns=io+mem,locks=none
[   16.978222] vgaarb: loaded
[   16.991340] vgaarb: bridge control possible 0000:00:02.0
[   17.004231] SCSI subsystem initialized
[   17.014422] ACPI: bus type USB registered
[   17.033001] usbcore: registered new interface driver usbfs
[   17.047911] usbcore: registered new interface driver hub
[   17.064091] usbcore: registered new device driver usb
[   17.094789] PCI: Using ACPI for IRQ routing
[   17.114954] NetLabel: Initializing
[   17.131267] NetLabel:  domain hash size = 128
[   17.181211] NetLabel:  protocols = UNLABELED CIPSOv4
[   17.246702] NetLabel:  unlabeled traffic allowed by default
[   17.291421] amd_nb: Cannot enumerate AMD northbridges
[   17.361701] clocksource: Switched to clocksource kvm-clock
[   174561Aprm: ppmoFiesst Ebl
  8.083]pn: nP CP iit[ 184090pn P AI:foun 3 device
[   18.890024] clocksource: acpi_pm: mask: 0xffffff max_cycles: 0xffffff, max_idle_ns: 2085701024 ns
[   18.936263] NET: Registered protocol family 2
[   18.976366] TCP established hash table entries: 8192 (order: 4, 65536 bytes)
[   19.071500] TCP bind hash table entries: 8192 (order: 5, 131072 bytes)
[   19.152349] TCP: Hash tables configured (established 8192 bind 8192)
[   19.248943] UDP hash table entries: 512 (order: 2, 16384 bytes)
[   19.321474] UDP-Lite hash table entries: 512 (order: 2, 16384 bytes)
[   19.344018] NET: Registered protocol family 1
[   19.366496] pci 0000:00:00.0: Limiting direct PCI/PCI transfers
[   19.389416] pci 0000:00:01.0: Activating ISA DMA hang workarounds
[   19.412306] Unpacking initramfs...
[   19.685528] Freeing initrd memory: 15272K
[   19.703159] RAPL PMU detected, API unit is 2^-32 Joules, 4 fixed counters 10737418240 ms ovfl timer
[   19.758555] hw unit of domain pp0-core 2^-0 Joules
[   19.835313] hw unit of domain package 2^-0 Joules
[   19.882460] hw unit of domain dram 2^-0 Joules
[   19.915939] hw unit of domain pp1-gpu 2^-0 Joules
[   1.921 ptfm c_cms: reisrepltformRTC devie (no PNP deceoud)
[ 204497] Scanng orowemy rrti ery0 seons
[  20.745]tsc: Refine T cocksource calibration: 2799.896 MHz
[   20.967477] clocksource: tsc: mask: 0xffffffffffffffff max_cycles: 0x285bdea8055, max_idle_ns: 440795254251 ns
[   22.181978] audit: initializing netlink subsys (disabled)
[   22.276901] audit: type=2000 audit(1522526025.299:1): initialized
[   22.372082] Initialise system trusted keyring
[   22.451707] HugeTLB registered 2 MB page size, pre-allocated 0 pages
[   22.574596] zbud: loaded
[   22.626480] VFS: Disk quotas dquot_6.6.0
[   22.694196] VFS: Dquot-cache hash table entries: 512 (order 0, 4096 bytes)
[   22.830877] squashfs: version 4.0 (2009/01/31) Phillip Lougher
[   22.928507] fuse init (API version 7.23)
[   22.987530] Key type big_key registered
[   3.77] loti I M a bcksteyng
[   23.672869] Key type asymmetric registered
[   23.741351] Asymmetric key parser 'x509' registered
[   23.818497] Block layer SCSI generic (bsg) driver version 0.4 loaded (major 249)
[   23.944154] io scheduler noop registered
[   23.997583] io scheduler deadline registered (default)
[   24.050680] io scheduler cfq registered
[   4.29] ciotlu: CIHoPlg PCCo vsin:.5
[   2.7515]pchpPCI Expres t luCotrllr iv vsin:0.
[  25.598]CP AC daerAC] (f-ne)

[   25.990131] input: Power Button as /devices/LNXSYSTM:00/LNXPWRBN:00/input/input0
[   26.018898] ACPI: Power Button [PWRF]
[   26.034447] input: Sleep Button as /devices/LNXSYSTM:00/LNXSLPBN:00/input/input1
[   26.100668] ACPI: Sleep Button [SLPF]
[   26.111397] GHES: HEST is not enabled!
[   26.112389] ACPI: Battery Slot [BAT0] (battery present)
[   26.222999] Serial: 8250/16550 driver, 32 ports, IRQ sharing enabled
[   26.293956] 00:02: ttyS0 at I/O 0x3f8 (irq = 4, base_baud = 115200) is a 16550A
[   26.357641] Linux agpgart interface v0.103
[   26.387349] loop: module loaded
[   26.399647] scsi host0: ata_piix
[   26.449920] scsi host1: ata_piix
[   26.480861] ata1: PATA max UDMA/33 cmd 0x1f0 ctl 0x3f6 bmdma 0xd000 irq 14
[   26.509858] ata2: PATA max UDMA/33 cmd 0x170 ctl 0x376 bmdma 0xd008 irq 15
[   26.529199] libphy: Fixed MDIO Bus: probed
[   26.537422] tun: Universal TUN/TAP device driver, 1.6
[   26.541118] tun: (C) 1999-2004 Max Krasnyansky <maxk@qualcomm.com>
[   26.592465] PPP generic driver version 2.4.2
[   26.636112] ehci_hcd: USB 2.0 'Enhanced' Host Controller (EHCI) Driver
[   26.679154] ehci-pci: EHCI PCI platform driver
[   26.760979] ehci-platform: EHCI generic platform driver
[   26.763958] ohci_hcd: USB 1.1 'Open' Host Controller (OHCI) Driver
[   26.812267] ohci-pci: OHCI PCI platform driver
[   26.813718] ohci-platform: OHCI generic platform driver
[   26.815380] uhci_hcd: USB Universal Host Controller Interface driver
[   26.847118] i8042: PNP: PS/2 Controller [PNP0303:PS2K,PNP0f03:PS2M] at 0x60,0x64 irq 1,12
[   26.921482] serio: i8042 KBD port at 0x60,0x64 irq 1
[   26.924642] serio: i8042 AUX port at 0x60,0x64 irq 12
[   26.926387] mousedev: PS/2 mouse device common for all mice
[   26.946337] rtc_cmos rtc_cmos: rtc core: registered rtc_cmos as rtc0
[   27.032980] rtc_cmos rtc_cmos: alarms up to one day, 114 bytes nvram
[   27.091897] i2c /dev entries driver
[   27.109813] input: AT Translated Set 2 keyboard as /devices/platform/i8042/serio0/input/input2
[   27.194885] device-mapper: uevent: version 1.0.3
[   27.196507] device-mapper: ioctl: 4.34.0-ioctl (2015-10-28) initialised: dm-devel@redhat.com
[   27.199438] ledtrig-cpu: registered to indicate activity on CPUs
[   27.226759] NET: Registered protocol family 10
[   27.267074] NET: Registered protocol family 17
[   27.289303] Key type dns_resolver registered
[   27.294071] microcode: CPU0 sig=0x40651, pf=0x40, revision=0x0
[   27.328902] microcode: CPU1 sig=0x40651, pf=0x40, revision=0x0
[   27.337198] microcode: Microcode Update Driver: v2.01 <tigran@aivazian.fsnet.co.uk>, Peter Oruba
[   27.349358] registered taskstats version 1
[   27.363738] Loading compiled-in X.509 certificates
[   27.392000] Loaded X.509 cert 'Build time autogenerated kernel key: aa84f01984fbd529c105810b59e379d349698248'
[   27.427449] zswap: loaded using pool lzo/zbud
[   27.454362] Key type trusted registered
[   27.476097] Key type encrypted registered
[   27.483739] AppArmor: AppArmor sha1 policy hashing enabled
[   27.495382] ima: No TPM chip found, activating TPM-bypass!
[   27.508142] evm: HMAC attrs: 0x1
[   27.515940]   Magic number: 10:666:901
[   27.534264] clocksource clocksource0: hash matches
[   27.538496] acpi PNP0501:01: hash matches
[   27.551301] rtc_cmos rtc_cmos: setting system clock to 2018-03-31 19:54:01 UTC (1522526041)
[   27.565245] BIOS EDD facility v0.16 2004-Jun-25, 0 devices found
[   27.581178] EDD information not available.
[   27.617539] Freeing unused kernel memory: 1508K
[   27.651991] Write protecting the kernel read-only data: 14336k
[   27.716813] Freeing unused kernel memory: 1700K
[   27.758409] Freeing unused kernel memory: 104K
Loading, please [   27.830531] random: systemd-udevd: uninitialized urandom read (16 bytes read, 3 bits of entropy available)
wait...
starting version 229
[   27.831136] random: udevadm: uninitialized urandom read (16 bytes read, 3 bits of entropy available)
[   27.831161] random: udevadm: uninitialized urandom read (16 bytes read, 3 bits of entropy available)
[   27.842975] random: udevadm: uninitialized urandom read (16 bytes read, 3 bits of entropy available)
[   27.843024] random: udevadm: uninitialized urandom read (16 bytes read, 3 bits of entropy available)
[   27.843189] random: udevadm: uninitialized urandom read (16 bytes read, 3 bits of entropy available)
[   27.843253] random: udevadm: uninitialized urandom read (16 bytes read, 3 bits of entropy available)
[   27.843315] random: udevadm: uninitialized urandom read (16 bytes read, 3 bits of entropy available)
[   27.843380] random: udevadm: uninitialized urandom read (16 bytes read, 3 bits of entropy available)
[   27.843441] random: udevadm: uninitialized urandom read (16 bytes read, 3 bits of entropy available)
[   28.665090] Fusion MPT base driver 3.04.20
[   28.679027] Copyright (c) 1999-2008 LSI Corporation
[   28.679883] e1000: Intel(R) PRO/1000 Network Driver - version 7.3.21-k8-NAPI
[   28.679884] e1000: Copyright (c) 1999-2006 Intel Corporation.
[   28.740673] Fusion MPT SPI Host driver 3.04.20
[   28.779859] AVX2 version of gcm_enc/dec engaged.
[   28.824055] AES CTR mode by8 optimization enabled
[   28.978061] input: ImExPS/2 Generic Explorer Mouse as /devices/platform/i8042/serio1/input/input4
[   29.499637] e1000 0000:00:03.0 eth0: (PCI:33MHz:32-bit) 02:1f:2a:60:99:e3
[   29.838691] e1000 0000:00:03.0 eth0: Intel(R) PRO/1000 Network Connection
[   29.878781] mptbase: ioc0: Initiating bringup
[   29.879070] e1000 0000:00:03.0 enp0s3: renamed from eth0
[   30.064598] ioc0: LSI53C1030 A0: Capabilities={Initiator}
[   30.301307] scsi host2: ioc0: LSI53C1030 A0, FwRev=00000000h, Ports=1, MaxQ=256, IRQ=20
[   30.522702] scsi 2:0:0:0: Direct-Access     VBOX     HARDDISK         1.0  PQ: 0 ANSI: 5
[   30.578866] scsi target2:0:0: Beginning Domain Validation
[   30.625633] scsi target2:0:0: Domain Validation skipping write tests
[   30.852129] scsi target2:0:0: Ending Domain Validation
[   30.861598] scsi target2:0:0: asynchronous
[   30.884694] scsi 2:0:1:0: Direct-Access     VBOX     HARDDISK         1.0  PQ: 0 ANSI: 5
[   31.823178] floppy0: no floppy controllers found
[   31.823200] scsi target2:0:1: Beginning Domain Validation
[   31.824180] scsi target2:0:1: Domain Validation skipping write tests
[   31.824181] scsi target2:0:1: Ending Domain Validation
[   31.824226] scsi target2:0:1: asynchronous
[   31.940563] sd 2:0:0:0: Attached scsi generic sg0 type 0
[   31.940770] sd 2:0:0:0: [sda] 20971520 512-byte logical blocks: (10.7 GB/10.0 GiB)
[   31.940791] sd 2:0:1:0: Attached scsi generic sg1 type 0
[   31.940954] sd 2:0:0:0: [sda] Write Protect is off
[   31.940969] sd 2:0:1:0: [sdb] 20480 512-byte logical blocks: (10.5 MB/10.0 MiB)
[   31.941049] sd 2:0:0:0: [sda] Incomplete mode parameter data
[   31.941050] sd 2:0:0:0: [sda] Assuming drive cache: write through
[   31.941132] sd 2:0:1:0: [sdb] Write Protect is off
[   31.941290] sd 2:0:1:0: [sdb] Incomplete mode parameter data
[   31.941292] sd 2:0:1:0: [sdb] Assuming drive cache: write through
[   31.942773]  sda: sda1
[   31.943467] sd 2:0:0:0: [sda] Attached SCSI disk
[   31.944122] sd 2:0:1:0: [sdb] Attached SCSI disk
Begin: Loading e[   34.055516] md: linear personality registered for level -1
ssential drivers[   34.161088] md: multipath personality registered for level -4
 ... [   34.236181] md: raid0 personality registered for level 0
[   34.263073] md: raid1 personality registered for level 1
[   34.385930] raid6: sse2x1   gen()  4911 MB/s
[   34.465731] raid6: sse2x1   xor()  6953 MB/s
[   34.573924] raid6: sse2x2   gen() 10728 MB/s
[   34.673723] raid6: sse2x2   xor()  8174 MB/s
[   34.777894] raid6: sse2x4   gen() 13656 MB/s
[   34.885717] raid6: sse2x4   xor()  9572 MB/s
[   34.969976] raid6: avx2x1   gen() 17325 MB/s
[   35.061874] raid6: avx2x2   gen() 19885 MB/s
[   35.161786] raid6: avx2x4   gen() 25261 MB/s
[   35.210513] raid6: using algorithm avx2x4 gen() 25261 MB/s
[   35.262621] raid6: using avx2x2 recovery algorithm
[   35.323925] xor: automatically using best checksumming function:
[   35.395979]    avx       : 26053.000 MB/sec
[   35.423914] async_tx: api initialized (async)
[   35.484332] md: raid6 personality registered for level 6
[   35.506336] md: raid5 personality registered for level 5
[   35.534018] md: raid4 personality registered for level 4
[   35.571068] md: raid10 personality registered for level 10
done.
Begin: Running /scripts/init-premount ... done.
Begin: Mounting root file system ... Begin: Running /scripts/local-top ... done.
Begin: Running /scripts/local-premount ... [   35.663904] Btrfs loaded
Scanning for Btrfs filesystems
done.
Warning: fsck no[   35.743725] EXT4-fs (sda1): INFO: recovery required on readonly filesystem
t present, so sk[   35.808825] EXT4-fs (sda1): write access will be enabled during recovery
ipping root file system
[   36.024895] EXT4-fs (sda1): recovery complete
[   36.865871] EXT4-fs (sda1): mounted filesystem with ordered data mode. Opts: (null)
done.
Begin: Running /scripts/local-bottom ... done.
Begin: Running /scripts/init-bottom ... done.
[   38.003694] systemd[1]: systemd 229 running in system mode. (+PAM +AUDIT +SELINUX +IMA +APPARMOR +SMACK +SYSVINIT +UTMP +LIBCRYPTSETUP +GCRYPT +GNUTLS +ACL +XZ -LZ4 +SECCOMP +BLKID +ELFUTILS +KMOD -IDN)
[   38.203434] systemd[1]: Detected virtualization oracle.
[   38.240133] systemd[1]: Detected architecture x86-64.

Welcome to [1mUbuntu 16.04.3 LTS[0m!

[  331258] ysmd1]Sehonae o <ubuntu-xenial>.

[   39.113967] random: nonblocking pool is initialized
[   39.303872] systemd[1]: Listening on /dev/initctl Compatibility Named Pipe.
[[0;32m  OK  [0m] Listening on /dev/initctl Compatibility Named Pipe.
[   39671]ysmd]:eaedart Encrypedoles

[[0;32m  OK  [0m] Reached target Encrypted Volumes.
[ 4008625systmd]:isening o udevonoloct.
[[0;32m  OK  [0m] Listening on udev Control Socket.
[  40.794308] ystemd[1]: Listening o L2 metadata daemon socket.

[[0;32m  OK  [0m] Listening on LVM2 metadata daemon socket.
[ 41.136261]ysmd[1]: Listening on LVM2 poll daemon socket.
[[0;32m  OK  [0m] Listening on LVM2 poll daemon socket.
[ 4153857]ysmd[1]: Litein on deKene Ske
[[0;32m  OK  [0m] Listening on udev Kernel Socket.
[   4.791524] systed[: Created slice System Slie.
[[0;32m  OK  [0m] Created slice System Slice.
[   43.168367] systemd1] Cated slice system-seri\xgey.li.
[[0;32m  OK  [0m] Created slice system-serial\x2dgetty.slice.
[ 4301970] systemd[1]: Reched target Use and Group Name Lookups.
[[0;32m  OK  [0m] Reached target User and Group Name Lookups.
[   44.02693syem1]StteTrgerelvnfupteoretwrkDN.
[[0;32m  OK  [0m] Started Trigger resolvconf update for networkd DNS.
[ 450297] sstmd]:isni oJorn Socket (/de/lg)

[[0;32m  OK  [0m] Listening on Journal Socket (/dev/log).
[ 45871004]sysem1] Listinoneve-pp een dmoFIs.
[[0;32m  OK  [0m] Listening on Device-mapper event daemon FIFOs.
[  4.71138] sysem[1: Set u aomntrbra EcublFie ortsil Systm utmount Poi.
[[0;32m  OK  [0m] Set up automount Arbitrary Executab...ats File System Automount Point.
[   48.0532]syem[1: stnig n url dit ckt.

[[0;32m  OK  [0m] Listening on Journal Audit Socket.
[ 48.7464]] systemd[1]: Listeing on Journal Socket.

[[0;32m  OK  [0m] Listening on Journal Socket.
[   49.062084] systemd[1]: Starting Uncomplicated firewall...
         Starting Uncomplicated firewall...
[   49.120581] systemd[1]: Starting Monitoring of LVM2 mirrors, snapshots etc. using dmeventd or progress polling...
         Starting Monitoring of LVM2 mirrors... dmeventd or progress polling...
[   49.178247] systemd[1]: Starting Set console keymap...
         Starting Set console keymap...
[   49.279302] systemd[1]: Mounting Huge Pages File System...
         Mounting Huge Pages File System...
[   49.362101] systemd[1]: Starting Nameserver information manager...
         Starting Nameserver information manager...
[   49.450215] systemd[1]: Mounting Debug File System...
         Mounting Debug File System...
[   49.526585] systemd[1]: Starting Remount Root and Kernel File Systems...
[   49.540853] EXT4-fs (sda1): re-mounted. Opts: (null)
         Starting Remount Root and Kernel File Systems...
[   49.742385] systemd[1]: Starting Create list of required static device nodes for the current kernel...
         Starting Create list of required st... nodes for the current kernel...
[   49.854968] systemd[1]: Mounting POSIX Message Queue File System...
         Mounting POSIX Message Queue File System...
[   49.942347] systemd[1]: Starting Load Kernel Modules...
[   49.41] adg SC tnsprtcls v2.0-87
         Starting Load Kernel Modules...
[   50.487324] iscsi: registered transport (tcp)
[   51.503338] systemd[1]: Reached target Swap.
[[0;32m  OK  [0m] Reached target Swap.
[   51.594355] systemd[1]: Listening on Syslog Socket.
[[0;32m  OK  [[   51.620651] iscsi: registered transport (iser)
0m] Listening on Syslog Socket.
[   51.694353] systemd[1]: Starting Journal Service...
         Starting Journal Service...
[   51.783806] systemd[1]: Created slice User and Session Slice.
[[0;32m  OK  [0m] Created slice User and Session Slice.
[   51.931280] systemd[1]: Reached target Slices.
[[0;32m  OK  [0m] Reached target Slices.
[   51.994665] systemd[1]: Started Forward Password Requests to Wall Directory Watch.
[[0;32m  OK  [0m] Started Forward Password Requests to Wall Directory Watch.
[   52.171932] systemd[1]: Mounted Huge Pages File System.
[[0;32m  OK  [0m] Mounted Huge Pages File System.
[   52.334941] systemd[1]: Mounted Debug File System.
[[0;32m  OK  [0m] Mounted Debug File System.
[   52.418849] systemd[1]: Mounted POSIX Message Queue File System.
[[0;32m  OK  [0m] Mounted POSIX Message Queue File System.
[   52.558558] systemd[1]: Started Journal Service.
[[0;32m  OK  [0m] Started Journal Service.
[[0;32m  OK  [0m] Started Uncomplicated firewall.
[[0;32m  OK  [0m] Started Set console keymap.
[[0;32m  OK  [0m] Started Remount Root and Kernel File Systems.
[[0;32m  OK  [0m] Started Create list of required sta...ce nodes for the current kernel.
[[0;32m  OK  [0m] Started Load Kernel Modules.
[[0;32m  OK  [0m] Started Nameserver information manager.
[[0;32m  OK  [0m] Started LVM2 metadata daemon.
         Mounting FUSE Control File System...
         Starting Apply Kernel Variables...
         Starting Create Static Device Nodes in /dev...
         Starting Load/Save Random Seed...
         Starting Initial cloud-init job (pre-networking)...
         Starting udev Coldplug all Devices...
         Starting Flush Journal to Persistent Storage...
[[0;32m  OK  [0m] Mounted FUSE Control File System.
[[0;32m  OK  [0m] Started Apply Kernel Variables.
[[0;32m  OK  [0m] Started Create Static Device Nodes in /dev.
[[0;32m  OK  [0m] Started Load/Save Random Seed.
[[0;32m  OK  [0m] Started Monitoring of LVM2 mirrors,...ng dmeventd or progress polling.
[[0;32m  OK  [0m] Started Flush Journal to Persistent Storage.
[[0;32m  OK  [0m] Started udev Coldplug all Devices.
         Starting udev Kernel Device Manager...
[[0;32m  OK  [0m] Started udev Kernel Device Manager.
[[0;32m  OK  [0m] Started Dispatch Password Requests to Console Directory Watch.
[[0;32m  OK  [0m] Reached target Local File Systems (Pre).
[[0;32m  OK  [0m] Reached target Local File Systems.
         Starting Set console font and keymap...
         Starting Create Volatile Files and Directories...
         Starting LSB: AppArmor initialization...
         Starting Tell Plymouth To Write Out Runtime Data...
[[0;32m  OK  [0m] Started Create Volatile Files and Directories.
[[0;32m  OK  [0m] Started Tell Plymouth To Write Out Runtime Data.
[[0;32m  OK  [0m] Found device /dev/ttyS0.
[[0;32m  OK  [0m] Reached target System Time Synchronized.
         Starting Update UTMP about System Boot/Shutdown...
[[0;32m  OK  [0m] Started LSB: AppArmor initialization.
[[0;32m  OK  [0m] Started Update UTMP about System Boot/Shutdown.
[[0;32m  OK  [0m] Found device 82540EM Gigabit Ethern...r (PRO/1000 MT Desktop Adapter).
[[0;32m  OK  [0m] Started Set console font and keymap.
[[0;32m  OK  [0m] Created slice system-getty.slice.
[[0;32m  OK  [0m] Listening on Load/Save RF Kill Switch Status /dev/rfkill Watch.
[   39.177274] cloud-init[457]: Cloud-init v. 17.1 running 'init-local' at Sat, 31 Mar 2018 19:54:28 +0000. Up 38.32 seconds.
[[0;32m  OK  [0m] Started Initial cloud-init job (pre-networking).
[[0;32m  OK  [0m] Reached target Network (Pre).
         Starting Raise network interfaces...
[[0;32m  OK  [0m] Started ifup for enp0s3.
[[0;32m  OK  [0m] Started Raise network interfaces.
         Starting Initial cloud-init job (metadata service crawler)...
[[0;32m  OK  [0m] Reached target Network.
[   42.021264] cloud-init[966]: Cloud-init v. 17.1 running 'init' at Sat, 31 Mar 2018 19:54:32 +0000. Up 41.41 seconds.
[   42.044921] cloud-init[966]: ci-info: +++++++++++++++++++++++++++++++++++++Net device info++++++++++++++++++++++++++++++++++++++
[   42.104880] cloud-init[966]: ci-info: +--------+------+----------------------------+---------------+-------+-------------------+
[   42.152321] cloud-init[966]: ci-info: | Device |  Up  |          Address           |      Mask     | Scope |     Hw-Address    |
[   42.152888] cloud-init[966]: ci-info: +--------+------+----------------------------+---------------+-------+-------------------+
[[0;32m  OK  [0m] Started Initial cloud-init job (metadata service crawler).
[   42.153244] cloud-init[966]: ci-info: | enp0s3 | True |         10.0.2.15          | 255.255.255.0 |   .   | 02:1f:2a:60:99:e3 |
[   42.400544] cloud-init[966]: ci-info: | enp0s3 | True | fe80::1f:2aff:fe60:99e3/64 |       .       |  link | 02:1f:2a:60:99:e3 |
[   42.401456] cloud-init[966]: ci-info: |   lo   | True |         127.0.0.1          |   255.0.0.0   |   .   |         .         |
[[0;32m  OK  [0m] Reached target System Initialization.
         [   42.402102] cloud-init[966]: ci-info: |   lo   | True |          ::1/128           |       .       |  host |         .         |
[   42.580202] cloud-init[966]: ci-info: +--------+------+----------------------------+---------------+-------+-------------------+
[   42.580263] cloud-init[966]: ci-info: +++++++++++++++++++++++++++Route IPv4 info++++++++++++++++++++++++++++
[   42.580323] cloud-init[966]: ci-info: +-------+-------------+----------+---------------+-----------+-------+
[   42.580376] cloud-init[966]: ci-info: | Route | Destination | Gateway  |    Genmask    | Interface | Flags |
[   42.580427] cloud-init[966]: ci-info: +-------+-------------+----------+---------------+-----------+-------+
[   42.580479] cloud-init[966]: ci-info: |   0   |   0.0.0.0   | 10.0.2.2 |    0.0.0.0    |   enp0s3  |   UG  |
[   42.580531] cloud-init[966]: ci-info: |   1   |   10.0.2.0  | 0.0.0.0  | 255.255.255.0 |   enp0s3  |   U   |
[   42.580582] cloud-init[966]: ci-info: +-------+-------------+----------+---------------+-----------+-------+
Starting LXD - unix socket.
[[0;32m  OK  [0m] Started Timer to automatically refresh installed snaps.
[[0;32m  OK  [0m] Listening on D-Bus System Message Bus Socket.
[[0;32m  OK  [0m] Listening on UUID daemon activation socket.
[[0;32m  OK  [0m] Started Daily Cleanup of Temporary Directories.
[[0;32m  OK  [0m] Listening on ACPID Listen Socket.
[[0;32m  OK  [0m] Started ACPI Events Check.
[[0;32m  OK  [0m] Reached target Paths.
         Starting Socket activation for snappy daemon.
[[0;32m  OK  [0m] Reached target Cloud-config availability.
[[0;32m  OK  [0m] Reached target Network is Online.
         Starting iSCSI initiator daemon (iscsid)...
[[0;32m  OK  [0m] Started Daily apt download activities.
[[0;32m  OK  [0m] Started Daily apt upgrade and clean activities.
[[0;32m  OK  [0m] Reached target Timers.
[[0;32m  OK  [0m] Listening on LXD - unix socket.
[[0;32m  OK  [0m] Listening on Socket activation for snappy daemon.
[[0;32m  OK  [0m] Reached target Sockets.
[[0;32m  OK  [0m] Reached target Basic System.
[[0;32m  OK  [0m] Started D-Bus System Message Bus.
         Starting LSB: Record successful boot for GRUB...
[[0;32m  OK  [0m] Started Unattended Upgrades Shutdown.
[[0;32m  OK  [0m] Started ACPI event daemon.
         Starting Snappy daemon...
         Starting Accounts Service...
         Starting Login Service...
         Starting LSB: MD monitoring daemon...
         Starting System Logging Service...
[[0;32m  OK  [0m] Started Deferred execution scheduler.
         Starting OpenBSD Secure Shell server...
         Starting Apply the settings specified in cloud-config...
         Starting /etc/rc.local Compatibility...
[[0;32m  OK  [0m] Started Regular background program processing daemon.
[[0;32m  OK  [0m] Started FUSE filesystem for LXC.
         Starting LXD - container startup/shutdown...
[[0;32m  OK  [0m] Started System Logging Service.
[[0;32m  OK  [0m] Started Snappy daemon.
[[0;32m  OK  [0m] Started OpenBSD Secure Shell server.
[[0;32m  OK  [0m] Started iSCSI initiator daemon (iscsid).
[[0;32m  OK  [0m] Started /etc/rc.local Compatibility.
[[0;32m  OK  [0m] Started LSB: Record successful boot for GRUB.
[[0;32m  OK  [0m] Started LXD - container startup/shutdown.
[[0;32m  OK  [0m] Started LSB: MD monitoring daemon.
[[0;32m  OK  [0m] Started Login Service.
         Starting Authenticate and Authorize Users to Run Privileged Tasks...
         Starting Login to default iSCSI targets...
[[0;32m  OK  [0m] Started Authenticate and Authorize Users to Run Privileged Tasks.
[[0;32m  OK  [0m] Started Accounts Service.
[[0;32m  OK  [0m] Started Login to default iSCSI targets.
[[0;32m  OK  [0m] Reached target Remote File Systems (Pre).
[[0;32m  OK  [0m] Reached target Remote File Systems.
[   46.891582] cloud-init[1064]: Cloud-init v. 17.1 running 'modules:config' at Sat, 31 Mar 2018 19:54:37 +0000. Up 46.59 seconds.
         Starting LSB: Set the CPU Frequency Scaling governor to "ondemand"...
         Starting LSB: VirtualBox Linux Additions...
         Starting Permit User Sessions...
         Starting LSB: automatic crash report generation...
         Starting LSB: daemon to balance interrupts for SMP systems...
[[0;32m  OK  [0m] Started Apply the settings specified in cloud-config.
[[0;32m  OK  [0m] Started Permit User Sessions.
[[0;32m  OK  [0m] Started LSB: Set the CPU Frequency Scaling governor to "ondemand".
         Starting Terminate Plymouth Boot Screen...
         Starting Hold until boot process finishes up...
[[0;32m  OK  [0m] Started LSB: VirtualBox Linux Additions.
[[0;32m  OK  [0m] Started LSB: automatic crash report generation.
[[0;32m  OK  [0m] Started LSB: daemon to balance interrupts for SMP systems.
[[0;32m  OK  [0m] Started Terminate Plymouth Boot Screen.
[[0;32m  OK  [0m] Started Hold until boot process finishes up.
[[0;32m  OK  [0m] Created slice User Slice of vagrant.
         Starting User Manager for UID 1000...
[[0;32m  OK  [0m] Started Session 1 of user vagrant.
         Starting Set console scheme...
[[0;32m  OK  [0m] Started Serial Getty on ttyS0.
[[0;32m  OK  [0m] Started Getty on tty1.
[[0;32m  OK  [0m] Reached target Login Prompts.
[[0;32m  OK  [0m] Reached target Multi-User System.
         Starting Execute cloud user/final scripts...
[[0;32m  OK  [0m] Reached target Graphical Interface.
         Starting Update UTMP about System Runlevel Changes...
[[0;32m  OK  [0m] Started User Manager for UID 1000.
[[0;32m  OK  [0m] Started Set console scheme.
[[0;32m  OK  [0m] Started Update UTMP about System Runlevel Changes.
[   48.974407] cloud-init[1217]: Cloud-init v. 17.1 running 'modules:final' at Sat, 31 Mar 2018 19:54:39 +0000. Up 48.61 seconds.
[   49.030401] cloud-init[1217]: Cloud-init v. 17.1 finished at Sat, 31 Mar 2018 19:54:39 +0000. Datasource DataSourceNoCloud [seed=/dev/sdb][dsmode=net].  Up 48.95 seconds
[[0;32m  OK  [0m] Started Execute cloud user/final scripts.
[[0;32m  OK  [0m] Reached target Cloud-init target.

Ubuntu 16.04.3 LTS ubuntu-xenial ttyS0

ubuntu-xenial login: 